TAP version 13
# Subtest: BF-C1 rejects non-string IDs
ok 1 - BF-C1 rejects non-string IDs
# Subtest: BF-C2 canonical event dedupe
ok 2 - BF-C2 canonical event dedupe
# Subtest: AC-01 service contract
ok 3 - AC-01 service contract
# Subtest: AC-06 service contract
ok 4 - AC-06 service contract
# Subtest: AC-22 service contract
ok 5 - AC-22 service contract
# Subtest: AC-24 P3 completion bundle is exact and remains no-send
ok 6 - AC-24 P3 completion bundle is exact and remains no-send
# Subtest: P3-SPEC-01 intake classifications fail closed and never derive authority from payload
ok 7 - P3-SPEC-01 intake classifications fail closed and never derive authority from payload
# Subtest: P3-SPEC-02 base workflow preserves hierarchy and prevents duplicate authority effects
ok 8 - P3-SPEC-02 base workflow preserves hierarchy and prevents duplicate authority effects
# Subtest: P3-SPEC-03 resume retry amend and blockers retain generation and CAS boundaries
ok 9 - P3-SPEC-03 resume retry amend and blockers retain generation and CAS boundaries
# Subtest: P3-SPEC-04 live tests are excluded by exact local runner, verify and Vitest
ok 10 - P3-SPEC-04 live tests are excluded by exact local runner, verify and Vitest
# Subtest: P3-SPEC-05 migration preserves existing API and one canonical interpreter
ok 11 - P3-SPEC-05 migration preserves existing API and one canonical interpreter
# Subtest: P3-SPEC-06 exact acceptance and admission remain no-send candidates
ok 12 - P3-SPEC-06 exact acceptance and admission remain no-send candidates
# Subtest: P3-SPEC-07 external, product and later-phase effects remain forbidden
ok 13 - P3-SPEC-07 external, product and later-phase effects remain forbidden
# Subtest: P3-SPEC-08 acceptance catalog records separate P3 admission without claiming completion
ok 14 - P3-SPEC-08 acceptance catalog records separate P3 admission without claiming completion
# Subtest: AC-10-A01 같은 intent와 payload는 최초 route/token을 재사용한다
ok 15 - AC-10-A01 같은 intent와 payload는 최초 route/token을 재사용한다
# Subtest: AC-10-A02 같은 intent의 다른 payload는 충돌로 닫힌다
ok 16 - AC-10-A02 같은 intent의 다른 payload는 충돌로 닫힌다
# Subtest: AC-10-A03 동시 요청은 intent별 하나의 논리 prepare로 직렬화된다
ok 17 - AC-10-A03 동시 요청은 intent별 하나의 논리 prepare로 직렬화된다
# Subtest: AC-10-A04 provider 성공 뒤 결과 유실은 같은 key로 회수하며 blind retry와 선 UUID를 거부한다
ok 18 - AC-10-A04 provider 성공 뒤 결과 유실은 같은 key로 회수하며 blind retry와 선 UUID를 거부한다
# Subtest: AC-10-A05 새 run_generation은 새 intent와 새 route/token을 만든다
ok 19 - AC-10-A05 새 run_generation은 새 intent와 새 route/token을 만든다
# Subtest: AC-10-A06 같은 세대 successor retry는 endpoint를 identity로 섞지 않고 기존 route/token을 유지한다
ok 20 - AC-10-A06 같은 세대 successor retry는 endpoint를 identity로 섞지 않고 기존 route/token을 유지한다
# Subtest: AC-10-A07 effect_key는 세대와 무관하고 같은 business effect의 중복 실행을 막는다
ok 21 - AC-10-A07 effect_key는 세대와 무관하고 같은 business effect의 중복 실행을 막는다
# Subtest: ordinary assignment goes 01 to CEO to service chief to team, never via room
ok 22 - ordinary assignment goes 01 to CEO to service chief to team, never via room
# Subtest: tool acceptance is not ACK, and ACK is not task completion
ok 23 - tool acceptance is not ACK, and ACK is not task completion
# Subtest: six-leg synthetic roundtrip advances only on verified result at each hop
ok 24 - six-leg synthetic roundtrip advances only on verified result at each hop
# Subtest: missing or negative receipt verification fails closed
ok 25 - missing or negative receipt verification fails closed
# Subtest: same event is idempotent; changed event, wrong scope and stale revision fail
ok 26 - same event is idempotent; changed event, wrong scope and stale revision fail
# Subtest: wrong actor or delivery token cannot acknowledge
ok 27 - wrong actor or delivery token cannot acknowledge
# Subtest: rejection is terminal and not retried as an ACK
ok 28 - rejection is terminal and not retried as an ACK
# Subtest: blocker goes directly to human intake; human stop prevents new work
ok 29 - blocker goes directly to human intake; human stop prevents new work
# Subtest: AC-03 service contract
ok 30 - AC-03 service contract
# Subtest: AC-07 service contract
ok 31 - AC-07 service contract
# Subtest: transition does not mutate the prior checkpoint
ok 32 - transition does not mutate the prior checkpoint
# Subtest: invalid team and empty or raw task payload are refused
ok 33 - invalid team and empty or raw task payload are refused
# Subtest: workflow event dedupe uses the shared canonical interpreter
ok 34 - workflow event dedupe uses the shared canonical interpreter
1..34
# tests 34
# suites 0
# pass 34
# fail 0
# cancelled 0
# skipped 0
# todo 0
# dispatch_attempts 0
# actual_provider_calls 0
# service_ready false
# real_send_authorized false
